<?xml version="1.0" encoding="UTF-8"?>
<testsuites name="jest tests" tests="118" failures="1" errors="0" time="73.72">
  <testsuite name="Match requests without passing exactRequestMatching arguement" errors="0" failures="0" skipped="0" timestamp="2026-01-07T14:21:27" time="12.788" tests="2">
    <testcase classname="Match requests without passing exactRequestMatching arguement Picks the best match for a given request" name="Match requests without passing exactRequestMatching arguement Picks the best match for a given request" time="0.039">
    </testcase>
    <testcase classname="Match requests with exactRequestMatching true Picks the best match for a given request" name="Match requests with exactRequestMatching true Picks the best match for a given request" time="0.011">
    </testcase>
  </testsuite>
  <testsuite name="SendProxyPort" errors="0" failures="0" skipped="0" timestamp="2026-01-07T14:21:40" time="12.084" tests="2">
    <testcase classname="SendProxyPort regular sendProxyPort mode response: hostname without port" name="SendProxyPort regular sendProxyPort mode response: hostname without port" time="0.003">
    </testcase>
    <testcase classname="SendProxyPort regular sendProxyPort mode response: hostname with port" name="SendProxyPort regular sendProxyPort mode response: hostname with port" time="0.003">
    </testcase>
  </testsuite>
  <testsuite name="Match requests" errors="0" failures="0" skipped="0" timestamp="2026-01-07T14:21:52" time="6.094" tests="4">
    <testcase classname="Match requests Picks the best match for a given request" name="Match requests Picks the best match for a given request" time="0.02">
    </testcase>
    <testcase classname="Match requests When more than one requests are the same when replaying get request Picks the request that hasn&apos;t been matched over the request has been matched" name="Match requests When more than one requests are the same when replaying get request Picks the request that hasn&apos;t been matched over the request has been matched" time="0.002">
    </testcase>
    <testcase classname="Match requests When more than one requests are the same when replaying post request Picks the request that hasn&apos;t been matched over the request has been matched" name="Match requests When more than one requests are the same when replaying post request Picks the request that hasn&apos;t been matched over the request has been matched" time="0.002">
    </testcase>
    <testcase classname="Match requests When more than one requests are the same when replaying post request when there are more requests than recorded Pick the last request" name="Match requests When more than one requests are the same when replaying post request when there are more requests than recorded Pick the last request" time="0.002">
    </testcase>
  </testsuite>
  <testsuite name="Record" errors="0" failures="0" skipped="0" timestamp="2026-01-07T14:21:58" time="6.059" tests="5">
    <testcase classname="Record uses default tape name" name="Record uses default tape name" time="0.004">
    </testcase>
    <testcase classname="Record response: simple text" name="Record response: simple text" time="0.001">
    </testcase>
    <testcase classname="Record response: utf-8" name="Record response: utf-8" time="0.002">
    </testcase>
    <testcase classname="Record response: binary" name="Record response: binary" time="0.002">
    </testcase>
    <testcase classname="Record can pick any tape" name="Record can pick any tape" time="0.001">
    </testcase>
  </testsuite>
  <testsuite name="Server inaccessible" errors="0" failures="0" skipped="0" timestamp="2026-01-07T14:22:04" time="6.055" tests="1">
    <testcase classname="Server inaccessible doesn&apos;t crash when server is inaccessible" name="Server inaccessible doesn&apos;t crash when server is inaccessible" time="0.026">
    </testcase>
  </testsuite>
  <testsuite name="Replay" errors="0" failures="0" skipped="0" timestamp="2026-01-07T14:22:10" time="6.051" tests="5">
    <testcase classname="Replay response: simple text" name="Replay response: simple text" time="0.002">
    </testcase>
    <testcase classname="Replay response: utf-8" name="Replay response: utf-8" time="0.001">
    </testcase>
    <testcase classname="Replay response: binary" name="Replay response: binary" time="0.001">
    </testcase>
    <testcase classname="Replay can pick an existing tape" name="Replay can pick an existing tape" time="0.002">
    </testcase>
    <testcase classname="Replay cannot pick a tape that does not exist" name="Replay cannot pick a tape that does not exist" time="0.021">
    </testcase>
  </testsuite>
  <testsuite name="Switching tapes" errors="0" failures="0" skipped="0" timestamp="2026-01-07T14:22:16" time="6.057" tests="1">
    <testcase classname="Switching tapes can switch between record and replay mode" name="Switching tapes can switch between record and replay mode" time="0.007">
    </testcase>
  </testsuite>
  <testsuite name="Passthrough" errors="0" failures="0" skipped="0" timestamp="2026-01-07T14:22:22" time="6.054" tests="4">
    <testcase classname="Passthrough response: simple text" name="Passthrough response: simple text" time="0.003">
    </testcase>
    <testcase classname="Passthrough response: utf-8" name="Passthrough response: utf-8" time="0.001">
    </testcase>
    <testcase classname="Passthrough response: binary" name="Passthrough response: binary" time="0.001">
    </testcase>
    <testcase classname="Passthrough can pick any tape" name="Passthrough can pick any tape" time="0">
    </testcase>
  </testsuite>
  <testsuite name="Proxay endpoint" errors="0" failures="0" skipped="0" timestamp="2026-01-07T14:22:28" time="6.057" tests="1">
    <testcase classname="Proxay endpoint returns a 200 for /__proxay" name="Proxay endpoint returns a 200 for /__proxay" time="0.002">
    </testcase>
  </testsuite>
  <testsuite name="Mimic" errors="0" failures="0" skipped="0" timestamp="2026-01-07T14:22:34" time="6.072" tests="5">
    <testcase classname="Mimic response: simple text" name="Mimic response: simple text" time="0.008">
    </testcase>
    <testcase classname="Mimic response: utf-8" name="Mimic response: utf-8" time="0.003">
    </testcase>
    <testcase classname="Mimic response: binary" name="Mimic response: binary" time="0.003">
    </testcase>
    <testcase classname="Mimic only records each request once" name="Mimic only records each request once" time="0.003">
    </testcase>
    <testcase classname="Mimic can pick any tape" name="Mimic can pick any tape" time="0.002">
    </testcase>
  </testsuite>
  <testsuite name="similarity" errors="0" failures="0" skipped="0" timestamp="2026-01-07T14:22:41" time="0.044" tests="19">
    <testcase classname="similarity detects exact matches" name="similarity detects exact matches" time="0">
    </testcase>
    <testcase classname="similarity excludes mismatching methods" name="similarity excludes mismatching methods" time="0.001">
    </testcase>
    <testcase classname="similarity excludes mismatching paths" name="similarity excludes mismatching paths" time="0">
    </testcase>
    <testcase classname="similarity counts query parameters differences" name="similarity counts query parameters differences" time="0">
    </testcase>
    <testcase classname="similarity counts headers differences (ignoring extraneous ones)" name="similarity counts headers differences (ignoring extraneous ones)" time="0">
    </testcase>
    <testcase classname="similarity counts headers differences (ignoring specified ones)" name="similarity counts headers differences (ignoring specified ones)" time="0">
    </testcase>
    <testcase classname="similarity dumps headers if non equal" name="similarity dumps headers if non equal" time="0.006">
    </testcase>
    <testcase classname="similarity JSON payload types reports no differences when the paylods are the same" name="similarity JSON payload types reports no differences when the paylods are the same" time="0">
    </testcase>
    <testcase classname="similarity JSON payload types reports differences when the payloads are different" name="similarity JSON payload types reports differences when the payloads are different" time="0.001">
    </testcase>
    <testcase classname="similarity text payload types reports no differences when the payloads are the same" name="similarity text payload types reports no differences when the payloads are the same" time="0">
    </testcase>
    <testcase classname="similarity text payload types reports differences when the payloads are different" name="similarity text payload types reports differences when the payloads are different" time="0">
    </testcase>
    <testcase classname="similarity binary payload types reports no differences when the payloads are the same" name="similarity binary payload types reports no differences when the payloads are the same" time="0">
    </testcase>
    <testcase classname="similarity binary payload types reports differences when the payloads are different" name="similarity binary payload types reports differences when the payloads are different" time="0.003">
    </testcase>
    <testcase classname="similarity grpc-web payload types reports no differences when the payloads are the same" name="similarity grpc-web payload types reports no differences when the payloads are the same" time="0">
    </testcase>
    <testcase classname="similarity grpc-web payload types reports differences when the payloads are different" name="similarity grpc-web payload types reports differences when the payloads are different" time="0.001">
    </testcase>
    <testcase classname="similarity grpc-web payload types reports no differences when the payloads not different after rewrite rules" name="similarity grpc-web payload types reports no differences when the payloads not different after rewrite rules" time="0">
    </testcase>
    <testcase classname="similarity grpc-web-text payload types reports no differences when the payloads are the same" name="similarity grpc-web-text payload types reports no differences when the payloads are the same" time="0">
    </testcase>
    <testcase classname="similarity grpc-web-text payload types reports differences when the payloads are different" name="similarity grpc-web-text payload types reports differences when the payloads are different" time="0">
    </testcase>
    <testcase classname="similarity grpc-web-text payload types reports no differences when the payloads not different after rewrite rules" name="similarity grpc-web-text payload types reports no differences when the payloads not different after rewrite rules" time="0">
    </testcase>
  </testsuite>
  <testsuite name="convertHttpContentEncodingToCompressionAlgorithm" errors="0" failures="0" skipped="0" timestamp="2026-01-07T14:22:41" time="0.056" tests="22">
    <testcase classname="convertHttpContentEncodingToCompressionAlgorithm maps the expected values correctly" name="convertHttpContentEncodingToCompressionAlgorithm maps the expected values correctly" time="0">
    </testcase>
    <testcase classname="convertHttpContentEncodingToCompressionAlgorithm throws an exception on unexpected values" name="convertHttpContentEncodingToCompressionAlgorithm throws an exception on unexpected values" time="0.009">
    </testcase>
    <testcase classname="compressBuffer none handles an empty buffer correctly" name="compressBuffer none handles an empty buffer correctly" time="0">
    </testcase>
    <testcase classname="compressBuffer none handles a small buffer correctly" name="compressBuffer none handles a small buffer correctly" time="0">
    </testcase>
    <testcase classname="compressBuffer none handles a large buffer correctly" name="compressBuffer none handles a large buffer correctly" time="0.005">
    </testcase>
    <testcase classname="compressBuffer gzip handles an empty buffer correctly" name="compressBuffer gzip handles an empty buffer correctly" time="0">
    </testcase>
    <testcase classname="compressBuffer gzip handles a small buffer correctly" name="compressBuffer gzip handles a small buffer correctly" time="0">
    </testcase>
    <testcase classname="compressBuffer gzip handles a large buffer correctly" name="compressBuffer gzip handles a large buffer correctly" time="0.005">
    </testcase>
    <testcase classname="compressBuffer br handles an empty buffer correctly" name="compressBuffer br handles an empty buffer correctly" time="0">
    </testcase>
    <testcase classname="compressBuffer br handles a small buffer correctly" name="compressBuffer br handles a small buffer correctly" time="0">
    </testcase>
    <testcase classname="compressBuffer br handles a large buffer correctly" name="compressBuffer br handles a large buffer correctly" time="0.007">
    </testcase>
    <testcase classname="compressBuffer throws an excpetion on unexpected values " name="compressBuffer throws an excpetion on unexpected values " time="0.001">
    </testcase>
    <testcase classname="decompressBuffer none handles an empty buffer correctly" name="decompressBuffer none handles an empty buffer correctly" time="0">
    </testcase>
    <testcase classname="decompressBuffer none handles a small buffer correctly" name="decompressBuffer none handles a small buffer correctly" time="0">
    </testcase>
    <testcase classname="decompressBuffer none handles a large buffer correctly" name="decompressBuffer none handles a large buffer correctly" time="0.004">
    </testcase>
    <testcase classname="decompressBuffer gzip handles an empty buffer correctly" name="decompressBuffer gzip handles an empty buffer correctly" time="0">
    </testcase>
    <testcase classname="decompressBuffer gzip handles a small buffer correctly" name="decompressBuffer gzip handles a small buffer correctly" time="0">
    </testcase>
    <testcase classname="decompressBuffer gzip handles a large buffer correctly" name="decompressBuffer gzip handles a large buffer correctly" time="0.004">
    </testcase>
    <testcase classname="decompressBuffer br handles an empty buffer correctly" name="decompressBuffer br handles an empty buffer correctly" time="0">
    </testcase>
    <testcase classname="decompressBuffer br handles a small buffer correctly" name="decompressBuffer br handles a small buffer correctly" time="0">
    </testcase>
    <testcase classname="decompressBuffer br handles a large buffer correctly" name="decompressBuffer br handles a large buffer correctly" time="0.003">
    </testcase>
    <testcase classname="decompressBuffer throws an excpetion on unexpected values " name="decompressBuffer throws an excpetion on unexpected values " time="0.001">
    </testcase>
  </testsuite>
  <testsuite name="RewriteRule" errors="0" failures="0" skipped="0" timestamp="2026-01-07T14:22:41" time="0.013" tests="7">
    <testcase classname="RewriteRule without capture groups applies the expected changes" name="RewriteRule without capture groups applies the expected changes" time="0.001">
    </testcase>
    <testcase classname="RewriteRule with capture groups applies the expected changes" name="RewriteRule with capture groups applies the expected changes" time="0">
    </testcase>
    <testcase classname="RewriteRules when there are no rules does not mutate the given value at all" name="RewriteRules when there are no rules does not mutate the given value at all" time="0">
    </testcase>
    <testcase classname="RewriteRules when there is a simple rewrite rule applies the expected changes on basic data types" name="RewriteRules when there is a simple rewrite rule applies the expected changes on basic data types" time="0">
    </testcase>
    <testcase classname="RewriteRules when there is a simple rewrite rule applies the expected changes on arrays" name="RewriteRules when there is a simple rewrite rule applies the expected changes on arrays" time="0">
    </testcase>
    <testcase classname="RewriteRules when there is a simple rewrite rule applies the expected changes on objects" name="RewriteRules when there is a simple rewrite rule applies the expected changes on objects" time="0.001">
    </testcase>
    <testcase classname="RewriteRules when there is a more complex rewrite rule applies the expected changes on objects" name="RewriteRules when there is a more complex rewrite rule applies the expected changes on objects" time="0">
    </testcase>
  </testsuite>
  <testsuite name="heuristicallyConvertProtoPayloadIntoObject" errors="0" failures="0" skipped="0" timestamp="2026-01-07T14:22:41" time="0.016" tests="15">
    <testcase classname="heuristicallyConvertProtoPayloadIntoObject correctly converts a very simple case" name="heuristicallyConvertProtoPayloadIntoObject correctly converts a very simple case" time="0">
    </testcase>
    <testcase classname="heuristicallyConvertProtoPayloadIntoObject correctly converts a more complex case" name="heuristicallyConvertProtoPayloadIntoObject correctly converts a more complex case" time="0">
    </testcase>
    <testcase classname="readVarint works for a 1-byte varint" name="readVarint works for a 1-byte varint" time="0.001">
    </testcase>
    <testcase classname="readVarint works for a 2-byte varint" name="readVarint works for a 2-byte varint" time="0">
    </testcase>
    <testcase classname="readVarint works for a 3-byte varint" name="readVarint works for a 3-byte varint" time="0">
    </testcase>
    <testcase classname="readI32 successfully reads a little-endian 32-bit integer" name="readI32 successfully reads a little-endian 32-bit integer" time="0">
    </testcase>
    <testcase classname="readI64 successfully reads a little-endian 64-bit integer" name="readI64 successfully reads a little-endian 64-bit integer" time="0">
    </testcase>
    <testcase classname="readTag successfully reads a tag value of 0" name="readTag successfully reads a tag value of 0" time="0">
    </testcase>
    <testcase classname="readTag successfully reads a tag value of 12347" name="readTag successfully reads a tag value of 12347" time="0">
    </testcase>
    <testcase classname="isLikelyString returns false on invalid utf-8" name="isLikelyString returns false on invalid utf-8" time="0">
    </testcase>
    <testcase classname="isLikelyString returns false on entirely punctuation" name="isLikelyString returns false on entirely punctuation" time="0">
    </testcase>
    <testcase classname="isLikelyString returns false when there&apos;s an unusual number of control characters" name="isLikelyString returns false when there&apos;s an unusual number of control characters" time="0">
    </testcase>
    <testcase classname="isLikelyString returns true on a UUID" name="isLikelyString returns true on a UUID" time="0">
    </testcase>
    <testcase classname="isLikelyString returns true on a some English text" name="isLikelyString returns true on a some English text" time="0">
    </testcase>
    <testcase classname="isLikelyString returns true on a some Chinese text" name="isLikelyString returns true on a some Chinese text" time="0.001">
    </testcase>
  </testsuite>
  <testsuite name="getGrpcMessageFormatFromContentType" errors="0" failures="0" skipped="0" timestamp="2026-01-07T14:22:41" time="0.015" tests="5">
    <testcase classname="getGrpcMessageFormatFromContentType returns proto when no type is specified" name="getGrpcMessageFormatFromContentType returns proto when no type is specified" time="0">
    </testcase>
    <testcase classname="getGrpcMessageFormatFromContentType returns the type when known type is specified" name="getGrpcMessageFormatFromContentType returns the type when known type is specified" time="0.001">
    </testcase>
    <testcase classname="getGrpcMessageFormatFromContentType returns other when an unknown type is specified" name="getGrpcMessageFormatFromContentType returns other when an unknown type is specified" time="0">
    </testcase>
    <testcase classname="convertGrpcWebRequestToObject json decodes a simple payload correctly" name="convertGrpcWebRequestToObject json decodes a simple payload correctly" time="0">
    </testcase>
    <testcase classname="convertGrpcWebRequestToObject proto decodes a simple payload correctly" name="convertGrpcWebRequestToObject proto decodes a simple payload correctly" time="0">
    </testcase>
  </testsuite>
  <testsuite name="Redaction" errors="0" failures="1" skipped="0" timestamp="2026-01-07T14:22:41" time="0.088" tests="20">
    <testcase classname="Redaction redacts specified headers" name="Redaction redacts specified headers" time="0">
    </testcase>
    <testcase classname="Persistence persists utf-8" name="Persistence persists utf-8" time="0.001">
    </testcase>
    <testcase classname="Persistence persists binary" name="Persistence persists binary" time="0">
    </testcase>
    <testcase classname="Persistence persists utf-8 encoded with brotli decompressed" name="Persistence persists utf-8 encoded with brotli decompressed" time="0">
    </testcase>
    <testcase classname="Persistence persists binary encoded with brotli still compressed" name="Persistence persists binary encoded with brotli still compressed" time="0">
    </testcase>
    <testcase classname="Persistence persists utf-8 encoded with gzip decompressed" name="Persistence persists utf-8 encoded with gzip decompressed" time="0">
    </testcase>
    <testcase classname="Persistence persists binary encoded with gzip still compressed" name="Persistence persists binary encoded with gzip still compressed" time="0.002">
      <failure>Error: expect(received).toEqual(expected) // deep equality

- Expected  - 2
+ Received  + 2

@@ -1,20 +1,20 @@
  Object {
    &quot;request&quot;: Object {
      &quot;body&quot;: Object {
-       &quot;data&quot;: &quot;H4sIAAAAAAAAA2MyUMqYzfiqhwmNBgCNSozuGAAAAA==&quot;,
+       &quot;data&quot;: &quot;H4sIAAAAAAAAE2MyUMqYzfiqhwmNBgCNSozuGAAAAA==&quot;,
        &quot;encoding&quot;: &quot;base64&quot;,
      },
      &quot;headers&quot;: Object {
        &quot;content-encoding&quot;: &quot;gzip&quot;,
      },
      &quot;method&quot;: &quot;GET&quot;,
      &quot;path&quot;: &quot;/path&quot;,
    },
    &quot;response&quot;: Object {
      &quot;body&quot;: Object {
-       &quot;data&quot;: &quot;H4sIAAAAAAAAA+Mx+JnxX/H0Zh40GgB5ykTGGAAAAA==&quot;,
+       &quot;data&quot;: &quot;H4sIAAAAAAAAE+Mx+JnxX/H0Zh40GgB5ykTGGAAAAA==&quot;,
        &quot;encoding&quot;: &quot;base64&quot;,
      },
      &quot;headers&quot;: Object {
        &quot;content-encoding&quot;: &quot;gzip&quot;,
      },
    at Object.&lt;anonymous&gt; (/Users/niko/work/proxay/src/persistence.spec.ts:319:7)
    at Promise.then.completed (/Users/niko/work/proxay/node_modules/jest-circus/build/utils.js:298:28)
    at new Promise (&lt;anonymous&gt;)
    at callAsyncCircusFn (/Users/niko/work/proxay/node_modules/jest-circus/build/utils.js:231:10)
    at _callCircusTest (/Users/niko/work/proxay/node_modules/jest-circus/build/run.js:316:40)
    at _runTest (/Users/niko/work/proxay/node_modules/jest-circus/build/run.js:252:3)
    at _runTestsForDescribeBlock (/Users/niko/work/proxay/node_modules/jest-circus/build/run.js:126:9)
    at _runTestsForDescribeBlock (/Users/niko/work/proxay/node_modules/jest-circus/build/run.js:121:9)
    at run (/Users/niko/work/proxay/node_modules/jest-circus/build/run.js:71:3)
    at runAndTransformResultsToJestFormat (/Users/niko/work/proxay/node_modules/jest-circus/build/legacy-code-todo-rewrite/jestAdapterInit.js:122:21)
    at jestAdapter (/Users/niko/work/proxay/node_modules/jest-circus/build/legacy-code-todo-rewrite/jestAdapter.js:79:19)
    at runTestInternal (/Users/niko/work/proxay/node_modules/jest-runner/build/runTest.js:367:16)
    at runTest (/Users/niko/work/proxay/node_modules/jest-runner/build/runTest.js:444:34)</failure>
    </testcase>
    <testcase classname="Persistence reads utf-8" name="Persistence reads utf-8" time="0">
    </testcase>
    <testcase classname="Persistence reads binary from base64" name="Persistence reads binary from base64" time="0.001">
    </testcase>
    <testcase classname="Persistence re-encodes brotli from utf-8" name="Persistence re-encodes brotli from utf-8" time="0.001">
    </testcase>
    <testcase classname="Persistence re-encodes gzip from utf-8" name="Persistence re-encodes gzip from utf-8" time="0">
    </testcase>
    <testcase classname="Body Field Redaction redacts simple JSON fields in request body" name="Body Field Redaction redacts simple JSON fields in request body" time="0">
    </testcase>
    <testcase classname="Body Field Redaction redacts fields case-insensitively" name="Body Field Redaction redacts fields case-insensitively" time="0">
    </testcase>
    <testcase classname="Body Field Redaction redacts nested JSON fields" name="Body Field Redaction redacts nested JSON fields" time="0.001">
    </testcase>
    <testcase classname="Body Field Redaction redacts fields in arrays" name="Body Field Redaction redacts fields in arrays" time="0">
    </testcase>
    <testcase classname="Body Field Redaction redacts fields in response body" name="Body Field Redaction redacts fields in response body" time="0">
    </testcase>
    <testcase classname="Body Field Redaction does not modify non-JSON bodies" name="Body Field Redaction does not modify non-JSON bodies" time="0">
    </testcase>
    <testcase classname="Body Field Redaction does not modify binary bodies" name="Body Field Redaction does not modify binary bodies" time="0">
    </testcase>
    <testcase classname="Body Field Redaction handles empty body gracefully" name="Body Field Redaction handles empty body gracefully" time="0">
    </testcase>
    <testcase classname="Body Field Redaction does nothing when no fields to redact" name="Body Field Redaction does nothing when no fields to redact" time="0.001">
    </testcase>
  </testsuite>
</testsuites>